package com.example; // L1
import java.util.List; // L3
public class Service { // L5-L27
    String name;
    protected int value;
    Service(String name) // L10-L14
    String getName() // L16-L18
    protected void reset() // L24-L26
}
public interface Reader { // L29-L32
    int read(byte[] buffer); // L30
    void close(); // L31
}
public enum Color { // L34-L38
    RED
    GREEN
    BLUE
}
public abstract class Base { // L40-L42
    public abstract void run(); // L41
}
